<script src="https://gist.github.com/6421704.js"></script>
<script src="https://gist.github.com/6316404.js"></script>
<script src="https://gist.github.com/6316404.js?file=default.conf"></script>
<script src="https://gist.github.com/6316404.js?file=default.conf"></script>