<script src="http://pastebin.com/embed_js.php?i=zVeDKvz2"></script>